// Jest Snapshot v1, https://goo.gl/fbAQLP

exports[`Card should match snapshot 1`] = `
<div>
  <div
    class="rounded-lg overflow-hidden"
  >
    <div
      class="relative overflow-hidden pb-60"
    >
      <img
        alt="randomTitle"
        class="absolute h-full w-full object-cover object-center"
        src="https://giphy.com/embed/cmxiR3UgXYTh5QKJA6"
      />
    </div>
    <div
      class="relative bg-shadowBlue"
    >
      <div
        class="py-10 px-8"
      >
        <h3
          class="text-2xl font-bold text-teaGreen"
        >
          randomTitle
        </h3>
        <div
          class="mt-10 flex justify-between items-center"
        >
          <button
            class="flex items-center relative bg-white text-cambridgeBlue mr-4 p-2 top-0 right-0 rounded-full focus:outline-teaGreen"
          >
            Preview
          </button>
        </div>
      </div>
    </div>
  </div>
</div>
`;
